Archive member included to satisfy reference by file (symbol)

c:/program files (x86)/arm gnu toolchain arm-none-eabi/12.3 rel1/bin/../lib/gcc/arm-none-eabi/12.3.1/thumb/v6-m/nofp\libc_nano.a(libc_a-exit.o)
                              c:/program files (x86)/arm gnu toolchain arm-none-eabi/12.3 rel1/bin/../lib/gcc/arm-none-eabi/12.3.1/thumb/v6-m/nofp/crt0.o (exit)
c:/program files (x86)/arm gnu toolchain arm-none-eabi/12.3 rel1/bin/../lib/gcc/arm-none-eabi/12.3.1/thumb/v6-m/nofp\libc_nano.a(libc_a-findfp.o)
                              c:/program files (x86)/arm gnu toolchain arm-none-eabi/12.3 rel1/bin/../lib/gcc/arm-none-eabi/12.3.1/thumb/v6-m/nofp\libc_nano.a(libc_a-exit.o) (__stdio_exit_handler)
c:/program files (x86)/arm gnu toolchain arm-none-eabi/12.3 rel1/bin/../lib/gcc/arm-none-eabi/12.3.1/thumb/v6-m/nofp\libc_nano.a(libc_a-fwalk.o)
                              c:/program files (x86)/arm gnu toolchain arm-none-eabi/12.3 rel1/bin/../lib/gcc/arm-none-eabi/12.3.1/thumb/v6-m/nofp\libc_nano.a(libc_a-findfp.o) (_fwalk_sglue)
c:/program files (x86)/arm gnu toolchain arm-none-eabi/12.3 rel1/bin/../lib/gcc/arm-none-eabi/12.3.1/thumb/v6-m/nofp\libc_nano.a(libc_a-stdio.o)
                              c:/program files (x86)/arm gnu toolchain arm-none-eabi/12.3 rel1/bin/../lib/gcc/arm-none-eabi/12.3.1/thumb/v6-m/nofp\libc_nano.a(libc_a-findfp.o) (__sread)
c:/program files (x86)/arm gnu toolchain arm-none-eabi/12.3 rel1/bin/../lib/gcc/arm-none-eabi/12.3.1/thumb/v6-m/nofp\libc_nano.a(libc_a-memset.o)
                              c:/program files (x86)/arm gnu toolchain arm-none-eabi/12.3 rel1/bin/../lib/gcc/arm-none-eabi/12.3.1/thumb/v6-m/nofp/crt0.o (memset)
c:/program files (x86)/arm gnu toolchain arm-none-eabi/12.3 rel1/bin/../lib/gcc/arm-none-eabi/12.3.1/thumb/v6-m/nofp\libc_nano.a(libc_a-closer.o)
                              c:/program files (x86)/arm gnu toolchain arm-none-eabi/12.3 rel1/bin/../lib/gcc/arm-none-eabi/12.3.1/thumb/v6-m/nofp\libc_nano.a(libc_a-stdio.o) (_close_r)
c:/program files (x86)/arm gnu toolchain arm-none-eabi/12.3 rel1/bin/../lib/gcc/arm-none-eabi/12.3.1/thumb/v6-m/nofp\libc_nano.a(libc_a-reent.o)
                              c:/program files (x86)/arm gnu toolchain arm-none-eabi/12.3 rel1/bin/../lib/gcc/arm-none-eabi/12.3.1/thumb/v6-m/nofp\libc_nano.a(libc_a-closer.o) (errno)
c:/program files (x86)/arm gnu toolchain arm-none-eabi/12.3 rel1/bin/../lib/gcc/arm-none-eabi/12.3.1/thumb/v6-m/nofp\libc_nano.a(libc_a-impure.o)
                              c:/program files (x86)/arm gnu toolchain arm-none-eabi/12.3 rel1/bin/../lib/gcc/arm-none-eabi/12.3.1/thumb/v6-m/nofp\libc_nano.a(libc_a-reent.o) (_impure_ptr)
c:/program files (x86)/arm gnu toolchain arm-none-eabi/12.3 rel1/bin/../lib/gcc/arm-none-eabi/12.3.1/thumb/v6-m/nofp\libc_nano.a(libc_a-lseekr.o)
                              c:/program files (x86)/arm gnu toolchain arm-none-eabi/12.3 rel1/bin/../lib/gcc/arm-none-eabi/12.3.1/thumb/v6-m/nofp\libc_nano.a(libc_a-stdio.o) (_lseek_r)
c:/program files (x86)/arm gnu toolchain arm-none-eabi/12.3 rel1/bin/../lib/gcc/arm-none-eabi/12.3.1/thumb/v6-m/nofp\libc_nano.a(libc_a-readr.o)
                              c:/program files (x86)/arm gnu toolchain arm-none-eabi/12.3 rel1/bin/../lib/gcc/arm-none-eabi/12.3.1/thumb/v6-m/nofp\libc_nano.a(libc_a-stdio.o) (_read_r)
c:/program files (x86)/arm gnu toolchain arm-none-eabi/12.3 rel1/bin/../lib/gcc/arm-none-eabi/12.3.1/thumb/v6-m/nofp\libc_nano.a(libc_a-writer.o)
                              c:/program files (x86)/arm gnu toolchain arm-none-eabi/12.3 rel1/bin/../lib/gcc/arm-none-eabi/12.3.1/thumb/v6-m/nofp\libc_nano.a(libc_a-stdio.o) (_write_r)
c:/program files (x86)/arm gnu toolchain arm-none-eabi/12.3 rel1/bin/../lib/gcc/arm-none-eabi/12.3.1/thumb/v6-m/nofp\libc_nano.a(libc_a-init.o)
                              c:/program files (x86)/arm gnu toolchain arm-none-eabi/12.3 rel1/bin/../lib/gcc/arm-none-eabi/12.3.1/thumb/v6-m/nofp/crt0.o (__libc_init_array)
c:/program files (x86)/arm gnu toolchain arm-none-eabi/12.3 rel1/bin/../lib/gcc/arm-none-eabi/12.3.1/thumb/v6-m/nofp\libc_nano.a(libc_a-lock.o)
                              c:/program files (x86)/arm gnu toolchain arm-none-eabi/12.3 rel1/bin/../lib/gcc/arm-none-eabi/12.3.1/thumb/v6-m/nofp\libc_nano.a(libc_a-findfp.o) (__retarget_lock_init_recursive)
c:/program files (x86)/arm gnu toolchain arm-none-eabi/12.3 rel1/bin/../lib/gcc/arm-none-eabi/12.3.1/thumb/v6-m/nofp\libc_nano.a(libc_a-freer.o)
                              c:/program files (x86)/arm gnu toolchain arm-none-eabi/12.3 rel1/bin/../lib/gcc/arm-none-eabi/12.3.1/thumb/v6-m/nofp\libc_nano.a(libc_a-reent.o) (_free_r)
c:/program files (x86)/arm gnu toolchain arm-none-eabi/12.3 rel1/bin/../lib/gcc/arm-none-eabi/12.3.1/thumb/v6-m/nofp\libc_nano.a(libc_a-mallocr.o)
[...]
Memory Configuration

Name             Origin             Length             Attributes
RAM              0x20000000         0x00000c00         xrw
FLASH            0x08000000         0x00005000         xr
*default*        0x00000000         0xffffffff

Linker script and memory map

LOAD c:/program files (x86)/arm gnu toolchain arm-none-eabi/12.3 rel1/bin/../lib/gcc/arm-none-eabi/12.3.1/thumb/v6-m/nofp/crti.o
LOAD c:/program files (x86)/arm gnu toolchain arm-none-eabi/12.3 rel1/bin/../lib/gcc/arm-none-eabi/12.3.1/thumb/v6-m/nofp/crtbegin.o
LOAD c:/program files (x86)/arm gnu toolchain arm-none-eabi/12.3 rel1/bin/../lib/gcc/arm-none-eabi/12.3.1/thumb/v6-m/nofp/crt0.o
LOAD c:/program files (x86)/arm gnu toolchain arm-none-eabi/12.3 rel1/bin/../lib/gcc/arm-none-eabi/12.3.1/thumb/v6-m/nofp\libc_nano.a
LOAD c:/program files (x86)/arm gnu toolchain arm-none-eabi/12.3 rel1/bin/../lib/gcc/arm-none-eabi/12.3.1/thumb/v6-m/nofp\libm.a
LOAD ./Build/Libraries/CMSIS/Device/PY32F0xx/Source/system_py32f0xx.o
LOAD ./Build/User/main.o
LOAD ./Build/User/py32f0xx_it.o
LOAD ./Build/User/py32f0xx_hal_msp.o
LOAD ./Build/Libraries/BSP/Src/py32f0xx_bsp_clock.o
LOAD ./Build/Libraries/BSP/Src/py32f0xx_bsp_led.o
LOAD ./Build/Libraries/BSP/Src/py32f0xx_bsp_printf.o
LOAD ./Build/Libraries/PY32F0xx_HAL_Driver/Src/py32f0xx_hal.o
LOAD ./Build/Libraries/PY32F0xx_HAL_Driver/Src/py32f0xx_hal_dma.o
LOAD ./Build/Libraries/PY32F0xx_HAL_Driver/Src/py32f0xx_hal_iwdg.o
LOAD ./Build/Libraries/PY32F0xx_HAL_Driver/Src/py32f0xx_hal_rtc.o
LOAD ./Build/Libraries/PY32F0xx_HAL_Driver/Src/py32f0xx_hal_usart.o
LOAD ./Build/Libraries/PY32F0xx_HAL_Driver/Src/py32f0xx_hal_adc.o
LOAD ./Build/Libraries/PY32F0xx_HAL_Driver/Src/py32f0xx_hal_exti.o
LOAD ./Build/Libraries/PY32F0xx_HAL_Driver/Src/py32f0xx_hal_led.o
LOAD ./Build/Libraries/PY32F0xx_HAL_Driver/Src/py32f0xx_hal_rtc_ex.o
LOAD ./Build/Libraries/PY32F0xx_HAL_Driver/Src/py32f0xx_hal_wwdg.o
LOAD ./Build/Libraries/PY32F0xx_HAL_Driver/Src/py32f0xx_hal_adc_ex.o
LOAD ./Build/Libraries/PY32F0xx_HAL_Driver/Src/py32f0xx_hal_flash.o
LOAD ./Build/Libraries/PY32F0xx_HAL_Driver/Src/py32f0xx_hal_lptim.o
LOAD ./Build/Libraries/PY32F0xx_HAL_Driver/Src/py32f0xx_hal_spi.o
LOAD ./Build/Libraries/PY32F0xx_HAL_Driver/Src/py32f0xx_hal_comp.o
LOAD ./Build/Libraries/PY32F0xx_HAL_Driver/Src/py32f0xx_hal_gpio.o
LOAD ./Build/Libraries/PY32F0xx_HAL_Driver/Src/py32f0xx_hal_pwr.o
LOAD ./Build/Libraries/PY32F0xx_HAL_Driver/Src/py32f0xx_hal_tim.o
LOAD ./Build/Libraries/PY32F0xx_HAL_Driver/Src/py32f0xx_hal_cortex.o
LOAD ./Build/Libraries/PY32F0xx_HAL_Driver/Src/py32f0xx_hal_i2c.o
LOAD ./Build/Libraries/PY32F0xx_HAL_Driver/Src/py32f0xx_hal_rcc.o
LOAD ./Build/Libraries/PY32F0xx_HAL_Driver/Src/py32f0xx_hal_tim_ex.o
LOAD ./Build/Libraries/PY32F0xx_HAL_Driver/Src/py32f0xx_hal_crc.o
LOAD ./Build/Libraries/PY32F0xx_HAL_Driver/Src/py32f0xx_hal_irda.o
LOAD ./Build/Libraries/PY32F0xx_HAL_Driver/Src/py32f0xx_hal_rcc_ex.o
LOAD ./Build/Libraries/PY32F0xx_HAL_Driver/Src/py32f0xx_hal_uart.o
LOAD ./Build/Libraries/CMSIS/Device/PY32F0xx/Source/gcc/startup_py32f002.o
START GROUP
LOAD c:/program files (x86)/arm gnu toolchain arm-none-eabi/12.3 rel1/bin/../lib/gcc/arm-none-eabi/12.3.1/thumb/v6-m/nofp\libgcc.a
LOAD c:/program files (x86)/arm gnu toolchain arm-none-eabi/12.3 rel1/bin/../lib/gcc/arm-none-eabi/12.3.1/thumb/v6-m/nofp\libc_nano.a
END GROUP
START GROUP
LOAD c:/program files (x86)/arm gnu toolchain arm-none-eabi/12.3 rel1/bin/../lib/gcc/arm-none-eabi/12.3.1/thumb/v6-m/nofp\libgcc.a
LOAD c:/program files (x86)/arm gnu toolchain arm-none-eabi/12.3 rel1/bin/../lib/gcc/arm-none-eabi/12.3.1/thumb/v6-m/nofp\libc_nano.a
LOAD c:/program files (x86)/arm gnu toolchain arm-none-eabi/12.3 rel1/bin/../lib/gcc/arm-none-eabi/12.3.1/thumb/v6-m/nofp\libnosys.a
END GROUP
START GROUP
LOAD c:/program files (x86)/arm gnu toolchain arm-none-eabi/12.3 rel1/bin/../lib/gcc/arm-none-eabi/12.3.1/thumb/v6-m/nofp\libgcc.a
LOAD c:/program files (x86)/arm gnu toolchain arm-none-eabi/12.3 rel1/bin/../lib/gcc/arm-none-eabi/12.3.1/thumb/v6-m/nofp\libc_nano.a
LOAD c:/program files (x86)/arm gnu toolchain arm-none-eabi/12.3 rel1/bin/../lib/gcc/arm-none-eabi/12.3.1/thumb/v6-m/nofp\libnosys.a
END GROUP
LOAD c:/program files (x86)/arm gnu toolchain arm-none-eabi/12.3 rel1/bin/../lib/gcc/arm-none-eabi/12.3.1/thumb/v6-m/nofp/crtend.o
LOAD c:/program files (x86)/arm gnu toolchain arm-none-eabi/12.3 rel1/bin/../lib/gcc/arm-none-eabi/12.3.1/thumb/v6-m/nofp/crtn.o
                0x20000c00                        _estack = (ORIGIN (RAM) + LENGTH (RAM))
                0x00000100                        _Min_Heap_Size = 0x100
                0x00000200                        _Min_Stack_Size = 0x200

.isr_vector     0x08000000       0xc0
                0x08000000                        . = ALIGN (0x4)
 *(.isr_vector)
 .isr_vector    0x08000000       0xc0 ./Build/Libraries/CMSIS/Device/PY32F0xx/Source/gcc/startup_py32f002.o
                0x08000000                g_pfnVectors
                0x080000c0                        . = ALIGN (0x4)

.text           0x080000c0     0x14a8
                0x080000c0                        . = ALIGN (0x4)
 *(.text)
 .text          0x080000c0      0x114 c:/program files (x86)/arm gnu toolchain arm-none-eabi/12.3 rel1/bin/../lib/gcc/arm-none-eabi/12.3.1/thumb/v6-m/nofp\libgcc.a(_udivsi3.o)
                0x080000c0                __aeabi_uidiv
                0x080000c0                __udivsi3
                0x080001cc                __aeabi_uidivmod
 .text          0x080001d4        0x4 c:/program files (x86)/arm gnu toolchain arm-none-eabi/12.3 rel1/bin/../lib/gcc/arm-none-eabi/12.3.1/thumb/v6-m/nofp\libgcc.a(_dvmd_tls.o)
                0x080001d4                __aeabi_idiv0
                0x080001d4                __aeabi_ldiv0
 *(.text*)
 .text.deregister_tm_clones
                0x080001d8       0x20 c:/program files (x86)/arm gnu toolchain arm-none-eabi/12.3 rel1/bin/../lib/gcc/arm-none-eabi/12.3.1/thumb/v6-m/nofp/crtbegin.o
 .text.register_tm_clones
                0x080001f8       0x28 c:/program files (x86)/arm gnu toolchain arm-none-eabi/12.3 rel1/bin/../lib/gcc/arm-none-eabi/12.3.1/thumb/v6-m/nofp/crtbegin.o
 .text.__do_global_dtors_aux
                0x08000220       0x2c c:/program files (x86)/arm gnu toolchain arm-none-eabi/12.3 rel1/bin/../lib/gcc/arm-none-eabi/12.3.1/thumb/v6-m/nofp/crtbegin.o
 .text.frame_dummy
                0x0800024c       0x24 c:/program files (x86)/arm gnu toolchain arm-none-eabi/12.3 rel1/bin/../lib/gcc/arm-none-eabi/12.3.1/thumb/v6-m/nofp/crtbegin.o
 .text.__libc_init_array
                0x08000270       0x48 c:/program files (x86)/arm gnu toolchain arm-none-eabi/12.3 rel1/bin/../lib/gcc/arm-none-eabi/12.3.1/thumb/v6-m/nofp\libc_nano.a(libc_a-init.o)
                0x08000270                __libc_init_array
 .text.SystemInit
                0x080002b8       0x2c ./Build/Libraries/CMSIS/Device/PY32F0xx/Source/system_py32f0xx.o
                0x080002b8                SystemInit
 .text.allblinkSequence
                0x080002e4      0x18c ./Build/User/main.o
                0x080002e4                allblinkSequence
 .text.oneandoneSequence
                0x08000470       0x88 ./Build/User/main.o
                0x08000470                oneandoneSequence
 .text.randomSequence
                0x080004f8      0x154 ./Build/User/main.o
                0x080004f8                randomSequence
 .text.rouletteSequence
                0x0800064c       0xa0 ./Build/User/main.o
                0x0800064c                rouletteSequence
 .text.doublerouletteSequence
                0x080006ec      0x170 ./Build/User/main.o
                0x080006ec                doublerouletteSequence
 .text.fastrouletteSequence
                0x0800085c      0x478 ./Build/User/main.o
                0x0800085c                fastrouletteSequence
 .text.startup.main
                0x08000cd4      0x290 ./Build/User/main.o
                0x08000cd4                main
 .text.NMI_Handler
                0x08000f64        0x4 ./Build/User/py32f0xx_it.o
                0x08000f64                NMI_Handler
 .text.HardFault_Handler
                0x08000f68        0x4 ./Build/User/py32f0xx_it.o
                0x08000f68                HardFault_Handler
 .text.SVC_Handler
                0x08000f6c        0x4 ./Build/User/py32f0xx_it.o
                0x08000f6c                SVC_Handler
 .text.PendSV_Handler
                0x08000f70        0x4 ./Build/User/py32f0xx_it.o
                0x08000f70                PendSV_Handler
 .text.SysTick_Handler
                0x08000f74        0x8 ./Build/User/py32f0xx_it.o
                0x08000f74                SysTick_Handler
 .text.HAL_MspInit
                0x08000f7c        0x4 ./Build/User/py32f0xx_hal_msp.o
                0x08000f7c                HAL_MspInit
 .text.BSP_USART_Config
                0x08000f80       0xa4 ./Build/Libraries/BSP/Src/py32f0xx_bsp_printf.o
                0x08000f80                BSP_USART_Config
 .text.HAL_InitTick
                0x08001024       0x4c ./Build/Libraries/PY32F0xx_HAL_Driver/Src/py32f0xx_hal.o
                0x08001024                HAL_InitTick
 .text.HAL_Init
                0x08001070       0x18 ./Build/Libraries/PY32F0xx_HAL_Driver/Src/py32f0xx_hal.o
                0x08001070                HAL_Init
 .text.HAL_IncTick
                0x08001088       0x18 ./Build/Libraries/PY32F0xx_HAL_Driver/Src/py32f0xx_hal.o
                0x08001088                HAL_IncTick
 .text.HAL_GetTick
                0x080010a0        0xc ./Build/Libraries/PY32F0xx_HAL_Driver/Src/py32f0xx_hal.o
                0x080010a0                HAL_GetTick
 .text.HAL_Delay
                0x080010ac       0x24 ./Build/Libraries/PY32F0xx_HAL_Driver/Src/py32f0xx_hal.o
                0x080010ac                HAL_Delay
 .text.HAL_GPIO_Init
                0x080010d0      0x1f8 ./Build/Libraries/PY32F0xx_HAL_Driver/Src/py32f0xx_hal_gpio.o
                0x080010d0                HAL_GPIO_Init
 .text.HAL_GPIO_OnPin
                0x080012c8        0x4 ./Build/Libraries/PY32F0xx_HAL_Driver/Src/py32f0xx_hal_gpio.o
                0x080012c8                HAL_GPIO_OnPin
 .text.HAL_GPIO_OffPin
                0x080012cc        0x4 ./Build/Libraries/PY32F0xx_HAL_Driver/Src/py32f0xx_hal_gpio.o
                0x080012cc                HAL_GPIO_OffPin
 .text.HAL_NVIC_SetPriority
                0x080012d0       0x54 ./Build/Libraries/PY32F0xx_HAL_Driver/Src/py32f0xx_hal_cortex.o
                0x080012d0                HAL_NVIC_SetPriority
 .text.HAL_NVIC_EnableIRQ
                0x08001324       0x18 ./Build/Libraries/PY32F0xx_HAL_Driver/Src/py32f0xx_hal_cortex.o
                0x08001324                HAL_NVIC_EnableIRQ
 .text.HAL_SYSTICK_Config
                0x0800133c       0x34 ./Build/Libraries/PY32F0xx_HAL_Driver/Src/py32f0xx_hal_cortex.o
                0x0800133c                HAL_SYSTICK_Config
 .text.HAL_RCC_GetPCLK1Freq
                0x08001370       0x28 ./Build/Libraries/PY32F0xx_HAL_Driver/Src/py32f0xx_hal_rcc.o
                0x08001370                HAL_RCC_GetPCLK1Freq
 .text.HAL_UART_MspInit
                0x08001398        0x4 ./Build/Libraries/PY32F0xx_HAL_Driver/Src/py32f0xx_hal_uart.o
                0x08001398                HAL_UART_MspInit
 .text.HAL_UART_Init
                0x0800139c      0x160 ./Build/Libraries/PY32F0xx_HAL_Driver/Src/py32f0xx_hal_uart.o
                0x0800139c                HAL_UART_Init
 .text.Reset_Handler
                0x080014fc       0x50 ./Build/Libraries/CMSIS/Device/PY32F0xx/Source/gcc/startup_py32f002.o
                0x080014fc                Reset_Handler
 .text.Default_Handler
                0x0800154c        0x2 ./Build/Libraries/CMSIS/Device/PY32F0xx/Source/gcc/startup_py32f002.o
                0x0800154c                TIM1_CC_IRQHandler
                0x0800154c                I2C1_IRQHandler
                0x0800154c                SPI1_IRQHandler
                0x0800154c                EXTI2_3_IRQHandler
                0x0800154c                TIM16_IRQHandler
                0x0800154c                EXTI4_15_IRQHandler
                0x0800154c                RCC_IRQHandler
                0x0800154c                Default_Handler
                0x0800154c                ADC_IRQHandler
                0x0800154c                EXTI0_1_IRQHandler
                0x0800154c                FLASH_IRQHandler
                0x0800154c                USART1_IRQHandler
                0x0800154c                TIM1_BRK_UP_TRG_COM_IRQHandler
                0x0800154c                LPTIM1_IRQHandler
 *(.glue_7)
 .glue_7        0x0800154e        0x0 linker stubs
 *(.glue_7t)
 .glue_7t       0x0800154e        0x0 linker stubs
 *(.eh_frame)
 *fill*         0x0800154e        0x2 
 .eh_frame      0x08001550        0x0 c:/program files (x86)/arm gnu toolchain arm-none-eabi/12.3 rel1/bin/../lib/gcc/arm-none-eabi/12.3.1/thumb/v6-m/nofp/crtbegin.o
 *(.init)
 .init          0x08001550        0x4 c:/program files (x86)/arm gnu toolchain arm-none-eabi/12.3 rel1/bin/../lib/gcc/arm-none-eabi/12.3.1/thumb/v6-m/nofp/crti.o
                0x08001550                _init
 .init          0x08001554        0x8 c:/program files (x86)/arm gnu toolchain arm-none-eabi/12.3 rel1/bin/../lib/gcc/arm-none-eabi/12.3.1/thumb/v6-m/nofp/crtn.o
 *(.fini)
 .fini          0x0800155c        0x4 c:/program files (x86)/arm gnu toolchain arm-none-eabi/12.3 rel1/bin/../lib/gcc/arm-none-eabi/12.3.1/thumb/v6-m/nofp/crti.o
                0x0800155c                _fini
 .fini          0x08001560        0x8 c:/program files (x86)/arm gnu toolchain arm-none-eabi/12.3 rel1/bin/../lib/gcc/arm-none-eabi/12.3.1/thumb/v6-m/nofp/crtn.o
                0x08001568                        . = ALIGN (0x4)
                0x08001568                        _etext = .

.vfp11_veneer   0x08001568        0x0
 .vfp11_veneer  0x08001568        0x0 linker stubs

.v4_bx          0x08001568        0x0
 .v4_bx         0x08001568        0x0 linker stubs

.iplt           0x08001568        0x0
 .iplt          0x08001568        0x0 c:/program files (x86)/arm gnu toolchain arm-none-eabi/12.3 rel1/bin/../lib/gcc/arm-none-eabi/12.3.1/thumb/v6-m/nofp/crtbegin.o

.rodata         0x08001568       0x20
                0x08001568                        . = ALIGN (0x4)
 *(.rodata)
 *(.rodata*)
 .rodata.APBPrescTable
                0x08001568       0x20 ./Build/Libraries/CMSIS/Device/PY32F0xx/Source/system_py32f0xx.o
                0x08001568                APBPrescTable
                0x08001588                        . = ALIGN (0x4)

.rel.dyn        0x08001588        0x0
 .rel.iplt      0x08001588        0x0 c:/program files (x86)/arm gnu toolchain arm-none-eabi/12.3 rel1/bin/../lib/gcc/arm-none-eabi/12.3.1/thumb/v6-m/nofp/crtbegin.o

.ARM.extab
 *(.ARM.extab* .gnu.linkonce.armextab.*)

.ARM            0x08001588        0x0
                0x08001588                        __exidx_start = .
 *(.ARM.exidx*)
                0x08001588                        __exidx_end = .

.preinit_array  0x08001588        0x0
                0x08001588                        PROVIDE (__preinit_array_start = .)
 *(.preinit_array*)
                0x08001588                        PROVIDE (__preinit_array_end = .)

.init_array     0x08001588        0x4
                0x08001588                        PROVIDE (__init_array_start = .)
 *(SORT_BY_NAME(.init_array.*))
 *(.init_array*)
 .init_array    0x08001588        0x4 c:/program files (x86)/arm gnu toolchain arm-none-eabi/12.3 rel1/bin/../lib/gcc/arm-none-eabi/12.3.1/thumb/v6-m/nofp/crtbegin.o
                0x0800158c                        PROVIDE (__init_array_end = .)

.fini_array     0x0800158c        0x4
                [!provide]                        PROVIDE (__fini_array_start = .)
 *(SORT_BY_NAME(.fini_array.*))
 *(.fini_array*)
 .fini_array    0x0800158c        0x4 c:/program files (x86)/arm gnu toolchain arm-none-eabi/12.3 rel1/bin/../lib/gcc/arm-none-eabi/12.3.1/thumb/v6-m/nofp/crtbegin.o
                [!provide]                        PROVIDE (__fini_array_end = .)
                0x08001590                        _sidata = LOADADDR (.data)

.data           0x20000000       0x3c load address 0x08001590
                0x20000000                        . = ALIGN (0x4)
                0x20000000                        _sdata = .
 *(.data)
 *(.data*)
 .data.SystemCoreClock
                0x20000000        0x4 ./Build/Libraries/CMSIS/Device/PY32F0xx/Source/system_py32f0xx.o
                0x20000000                SystemCoreClock
 .data.message  0x20000004        0x7 ./Build/User/main.o
                0x20000004                message
 *fill*         0x2000000b        0x1 
 .data.pins     0x2000000c        0x5 ./Build/User/main.o
                0x2000000c                pins
 *fill*         0x20000011        0x3 
 .data.ports    0x20000014       0x14 ./Build/User/main.o
                0x20000014                ports
 .data.timesSecretCode
                0x20000028        0x1 ./Build/User/main.o
                0x20000028                timesSecretCode
 .data.delay5   0x20000029        0x1 ./Build/User/main.o
                0x20000029                delay5
 .data.delay4   0x2000002a        0x1 ./Build/User/main.o
                0x2000002a                delay4
 .data.delay2   0x2000002b        0x1 ./Build/User/main.o
                0x2000002b                delay2
 .data.delay    0x2000002c        0x1 ./Build/User/main.o
                0x2000002c                delay
 *fill*         0x2000002d        0x1 
 .data.interimPeriod
                0x2000002e        0x2 ./Build/User/main.o
                0x2000002e                interimPeriod
 .data.delay3   0x20000030        0x2 ./Build/User/main.o
                0x20000030                delay3
 *fill*         0x20000032        0x2 
 .data.uwTickFreq
                0x20000034        0x4 ./Build/Libraries/PY32F0xx_HAL_Driver/Src/py32f0xx_hal.o
                0x20000034                uwTickFreq
 .data.uwTickPrio
                0x20000038        0x4 ./Build/Libraries/PY32F0xx_HAL_Driver/Src/py32f0xx_hal.o
                0x20000038                uwTickPrio
                0x2000003c                        . = ALIGN (0x4)
                0x2000003c                        _edata = .

.tm_clone_table
                0x2000003c        0x0 load address 0x080015cc
 .tm_clone_table
                0x2000003c        0x0 c:/program files (x86)/arm gnu toolchain arm-none-eabi/12.3 rel1/bin/../lib/gcc/arm-none-eabi/12.3.1/thumb/v6-m/nofp/crtbegin.o
 .tm_clone_table
                0x2000003c        0x0 c:/program files (x86)/arm gnu toolchain arm-none-eabi/12.3 rel1/bin/../lib/gcc/arm-none-eabi/12.3.1/thumb/v6-m/nofp/crtend.o

.igot.plt       0x2000003c        0x0 load address 0x080015cc
 .igot.plt      0x2000003c        0x0 c:/program files (x86)/arm gnu toolchain arm-none-eabi/12.3 rel1/bin/../lib/gcc/arm-none-eabi/12.3.1/thumb/v6-m/nofp/crtbegin.o
                0x2000003c                        . = ALIGN (0x4)

.bss            0x2000003c       0x68 load address 0x080015cc
                0x2000003c                        _sbss = .
                0x2000003c                        __bss_start__ = _sbss
 *(.bss)
 *(.bss*)
 .bss.completed.1
                0x2000003c        0x1 c:/program files (x86)/arm gnu toolchain arm-none-eabi/12.3 rel1/bin/../lib/gcc/arm-none-eabi/12.3.1/thumb/v6-m/nofp/crtbegin.o
 *fill*         0x2000003d        0x3 
 .bss.object.0  0x20000040       0x18 c:/program files (x86)/arm gnu toolchain arm-none-eabi/12.3 rel1/bin/../lib/gcc/arm-none-eabi/12.3.1/thumb/v6-m/nofp/crtbegin.o
 .bss.bitNumber
                0x20000058        0x1 ./Build/User/main.o
                0x20000058                bitNumber
 *fill*         0x20000059        0x3 
 .bss.DebugUartHandle
                0x2000005c       0x44 ./Build/Libraries/BSP/Src/py32f0xx_bsp_printf.o
                0x2000005c                DebugUartHandle
 .bss.uwTick    0x200000a0        0x4 ./Build/Libraries/PY32F0xx_HAL_Driver/Src/py32f0xx_hal.o
                0x200000a0                uwTick
 *(COMMON)
                0x200000a4                        . = ALIGN (0x4)
                0x200000a4                        _ebss = .
                0x200000a4                        __bss_end__ = _ebss

._user_heap_stack
                0x200000a4      0x304 load address 0x080015cc
                0x200000a8                        . = ALIGN (0x8)
 *fill*         0x200000a4        0x4 
                0x200000a8                        PROVIDE (end = .)
                [!provide]                        PROVIDE (_end = .)
                0x200001a8                        . = (. + _Min_Heap_Size)
 *fill*         0x200000a8      0x100 
                0x200003a8                        . = (. + _Min_Stack_Size)
 *fill*         0x200001a8      0x200 
                0x200003a8                        . = ALIGN (0x8)

/DISCARD/
 libc.a(*)
 libm.a(*)
 libgcc.a(*)

.ARM.attributes
                0x00000000       0x28
 *(.ARM.attributes)
 .ARM.attributes
                0x00000000       0x1e c:/program files (x86)/arm gnu toolchain arm-none-eabi/12.3 rel1/bin/../lib/gcc/arm-none-eabi/12.3.1/thumb/v6-m/nofp/crti.o
 .ARM.attributes
                0x0000001e       0x2c c:/program files (x86)/arm gnu toolchain arm-none-eabi/12.3 rel1/bin/../lib/gcc/arm-none-eabi/12.3.1/thumb/v6-m/nofp/crtbegin.o
 .ARM.attributes
                0x0000004a       0x2c c:/program files (x86)/arm gnu toolchain arm-none-eabi/12.3 rel1/bin/../lib/gcc/arm-none-eabi/12.3.1/thumb/v6-m/nofp\libc_nano.a(libc_a-init.o)
 .ARM.attributes
                0x00000076       0x2c ./Build/Libraries/CMSIS/Device/PY32F0xx/Source/system_py32f0xx.o
 .ARM.attributes
                0x000000a2       0x2c ./Build/User/main.o
 .ARM.attributes
                0x000000ce       0x2c ./Build/User/py32f0xx_it.o
 .ARM.attributes
                0x000000fa       0x2c ./Build/User/py32f0xx_hal_msp.o
 .ARM.attributes
                0x00000126       0x2c ./Build/Libraries/BSP/Src/py32f0xx_bsp_printf.o
 .ARM.attributes
                0x00000152       0x2c ./Build/Libraries/PY32F0xx_HAL_Driver/Src/py32f0xx_hal.o
 .ARM.attributes
                0x0000017e       0x2c ./Build/Libraries/PY32F0xx_HAL_Driver/Src/py32f0xx_hal_gpio.o
 .ARM.attributes
                0x000001aa       0x2c ./Build/Libraries/PY32F0xx_HAL_Driver/Src/py32f0xx_hal_cortex.o
 .ARM.attributes
                0x000001d6       0x2c ./Build/Libraries/PY32F0xx_HAL_Driver/Src/py32f0xx_hal_rcc.o
 .ARM.attributes
                0x00000202       0x2c ./Build/Libraries/PY32F0xx_HAL_Driver/Src/py32f0xx_hal_uart.o
 .ARM.attributes
                0x0000022e       0x22 ./Build/Libraries/CMSIS/Device/PY32F0xx/Source/gcc/startup_py32f002.o
 .ARM.attributes
                0x00000250       0x1e c:/program files (x86)/arm gnu toolchain arm-none-eabi/12.3 rel1/bin/../lib/gcc/arm-none-eabi/12.3.1/thumb/v6-m/nofp\libgcc.a(_udivsi3.o)
 .ARM.attributes
                0x0000026e       0x1e c:/program files (x86)/arm gnu toolchain arm-none-eabi/12.3 rel1/bin/../lib/gcc/arm-none-eabi/12.3.1/thumb/v6-m/nofp\libgcc.a(_dvmd_tls.o)
 .ARM.attributes
                0x0000028c       0x2c c:/program files (x86)/arm gnu toolchain arm-none-eabi/12.3 rel1/bin/../lib/gcc/arm-none-eabi/12.3.1/thumb/v6-m/nofp/crtend.o
 .ARM.attributes
                0x000002b8       0x1e c:/program files (x86)/arm gnu toolchain arm-none-eabi/12.3 rel1/bin/../lib/gcc/arm-none-eabi/12.3.1/thumb/v6-m/nofp/crtn.o
OUTPUT(Build/app.elf elf32-littlearm)
LOAD linker stubs
LOAD c:/program files (x86)/arm gnu toolchain arm-none-eabi/12.3 rel1/bin/../lib/gcc/arm-none-eabi/12.3.1/thumb/v6-m/nofp\libc.a
LOAD c:/program files (x86)/arm gnu toolchain arm-none-eabi/12.3 rel1/bin/../lib/gcc/arm-none-eabi/12.3.1/thumb/v6-m/nofp\libm.a
LOAD c:/program files (x86)/arm gnu toolchain arm-none-eabi/12.3 rel1/bin/../lib/gcc/arm-none-eabi/12.3.1/thumb/v6-m/nofp\libgcc.a

.debug_frame    0x00000000      0xb64
 .debug_frame   0x00000000       0x2c c:/program files (x86)/arm gnu toolchain arm-none-eabi/12.3 rel1/bin/../lib/gcc/arm-none-eabi/12.3.1/thumb/v6-m/nofp\libc_nano.a(libc_a-init.o)
 .debug_frame   0x0000002c       0x30 ./Build/Libraries/CMSIS/Device/PY32F0xx/Source/system_py32f0xx.o
 .debug_frame   0x0000005c      0x190 ./Build/User/main.o
 .debug_frame   0x000001ec       0x68 ./Build/User/py32f0xx_it.o
 .debug_frame   0x00000254       0x20 ./Build/User/py32f0xx_hal_msp.o
 .debug_frame   0x00000274      0x12c ./Build/Libraries/BSP/Src/py32f0xx_bsp_printf.o
 .debug_frame   0x000003a0      0x194 ./Build/Libraries/PY32F0xx_HAL_Driver/Src/py32f0xx_hal.o
 .debug_frame   0x00000534       0xf4 ./Build/Libraries/PY32F0xx_HAL_Driver/Src/py32f0xx_hal_gpio.o
 .debug_frame   0x00000628       0xe0 ./Build/Libraries/PY32F0xx_HAL_Driver/Src/py32f0xx_hal_cortex.o
 .debug_frame   0x00000708      0x138 ./Build/Libraries/PY32F0xx_HAL_Driver/Src/py32f0xx_hal_rcc.o
 .debug_frame   0x00000840      0x304 ./Build/Libraries/PY32F0xx_HAL_Driver/Src/py32f0xx_hal_uart.o
 .debug_frame   0x00000b44       0x20 c:/program files (x86)/arm gnu toolchain arm-none-eabi/12.3 rel1/bin/../lib/gcc/arm-none-eabi/12.3.1/thumb/v6-m/nofp\libgcc.a(_udivsi3.o)

.debug_info     0x00000000     0x7390
 .debug_info    0x00000000      0x3a3 ./Build/Libraries/CMSIS/Device/PY32F0xx/Source/system_py32f0xx.o
 .debug_info    0x000003a3     0x2b4f ./Build/User/main.o
 .debug_info    0x00002ef2       0xe9 ./Build/User/py32f0xx_it.o
 .debug_info    0x00002fdb       0x8c ./Build/User/py32f0xx_hal_msp.o
 .debug_info    0x00003067      0xe12 ./Build/Libraries/BSP/Src/py32f0xx_bsp_printf.o
 .debug_info    0x00003e79      0x77e ./Build/Libraries/PY32F0xx_HAL_Driver/Src/py32f0xx_hal.o
 .debug_info    0x000045f7      0x5f0 ./Build/Libraries/PY32F0xx_HAL_Driver/Src/py32f0xx_hal_gpio.o
 .debug_info    0x00004be7      0x86e ./Build/Libraries/PY32F0xx_HAL_Driver/Src/py32f0xx_hal_cortex.o
 .debug_info    0x00005455      0xc70 ./Build/Libraries/PY32F0xx_HAL_Driver/Src/py32f0xx_hal_rcc.o
 .debug_info    0x000060c5     0x1299 ./Build/Libraries/PY32F0xx_HAL_Driver/Src/py32f0xx_hal_uart.o
 .debug_info    0x0000735e       0x32 ./Build/Libraries/CMSIS/Device/PY32F0xx/Source/gcc/startup_py32f002.o

.debug_abbrev   0x00000000     0x163e
 .debug_abbrev  0x00000000      0x119 ./Build/Libraries/CMSIS/Device/PY32F0xx/Source/system_py32f0xx.o
 .debug_abbrev  0x00000119      0x3e7 ./Build/User/main.o
 .debug_abbrev  0x00000500       0xb4 ./Build/User/py32f0xx_it.o
 .debug_abbrev  0x000005b4       0x46 ./Build/User/py32f0xx_hal_msp.o
 .debug_abbrev  0x000005fa      0x2d8 ./Build/Libraries/BSP/Src/py32f0xx_bsp_printf.o
 .debug_abbrev  0x000008d2      0x30b ./Build/Libraries/PY32F0xx_HAL_Driver/Src/py32f0xx_hal.o
 .debug_abbrev  0x00000bdd      0x1a2 ./Build/Libraries/PY32F0xx_HAL_Driver/Src/py32f0xx_hal_gpio.o
 .debug_abbrev  0x00000d7f      0x274 ./Build/Libraries/PY32F0xx_HAL_Driver/Src/py32f0xx_hal_cortex.o
 .debug_abbrev  0x00000ff3      0x350 ./Build/Libraries/PY32F0xx_HAL_Driver/Src/py32f0xx_hal_rcc.o
 .debug_abbrev  0x00001343      0x2d7 ./Build/Libraries/PY32F0xx_HAL_Driver/Src/py32f0xx_hal_uart.o
 .debug_abbrev  0x0000161a       0x24 ./Build/Libraries/CMSIS/Device/PY32F0xx/Source/gcc/startup_py32f002.o

.debug_loc      0x00000000     0x2b48
 .debug_loc     0x00000000       0x67 ./Build/Libraries/CMSIS/Device/PY32F0xx/Source/system_py32f0xx.o
 .debug_loc     0x00000067      0x616 ./Build/User/main.o
 .debug_loc     0x0000067d      0x3aa ./Build/Libraries/BSP/Src/py32f0xx_bsp_printf.o
 .debug_loc     0x00000a27      0x1cc ./Build/Libraries/PY32F0xx_HAL_Driver/Src/py32f0xx_hal.o
 .debug_loc     0x00000bf3      0x50d ./Build/Libraries/PY32F0xx_HAL_Driver/Src/py32f0xx_hal_gpio.o
 .debug_loc     0x00001100      0x308 ./Build/Libraries/PY32F0xx_HAL_Driver/Src/py32f0xx_hal_cortex.o
 .debug_loc     0x00001408      0x552 ./Build/Libraries/PY32F0xx_HAL_Driver/Src/py32f0xx_hal_rcc.o
 .debug_loc     0x0000195a     0x11ee ./Build/Libraries/PY32F0xx_HAL_Driver/Src/py32f0xx_hal_uart.o

.debug_aranges  0x00000000      0x4d0
 .debug_aranges
                0x00000000       0x28 ./Build/Libraries/CMSIS/Device/PY32F0xx/Source/system_py32f0xx.o
 .debug_aranges
                0x00000028       0x80 ./Build/User/main.o
 .debug_aranges
                0x000000a8       0x40 ./Build/User/py32f0xx_it.o
 .debug_aranges
                0x000000e8       0x20 ./Build/User/py32f0xx_hal_msp.o
 .debug_aranges
                0x00000108       0x70 ./Build/Libraries/BSP/Src/py32f0xx_bsp_printf.o
 .debug_aranges
                0x00000178       0xc0 ./Build/Libraries/PY32F0xx_HAL_Driver/Src/py32f0xx_hal.o
 .debug_aranges
                0x00000238       0x68 ./Build/Libraries/PY32F0xx_HAL_Driver/Src/py32f0xx_hal_gpio.o
 .debug_aranges
                0x000002a0       0x78 ./Build/Libraries/PY32F0xx_HAL_Driver/Src/py32f0xx_hal_cortex.o
 .debug_aranges
                0x00000318       0x78 ./Build/Libraries/PY32F0xx_HAL_Driver/Src/py32f0xx_hal_rcc.o
 .debug_aranges
                0x00000390      0x118 ./Build/Libraries/PY32F0xx_HAL_Driver/Src/py32f0xx_hal_uart.o
 .debug_aranges
                0x000004a8       0x28 ./Build/Libraries/CMSIS/Device/PY32F0xx/Source/gcc/startup_py32f002.o

.debug_ranges   0x00000000      0xac0
 .debug_ranges  0x00000000       0x18 ./Build/Libraries/CMSIS/Device/PY32F0xx/Source/system_py32f0xx.o
 .debug_ranges  0x00000018      0x3e0 ./Build/User/main.o
 .debug_ranges  0x000003f8       0x30 ./Build/User/py32f0xx_it.o
 .debug_ranges  0x00000428       0x10 ./Build/User/py32f0xx_hal_msp.o
 .debug_ranges  0x00000438       0xe8 ./Build/Libraries/BSP/Src/py32f0xx_bsp_printf.o
 .debug_ranges  0x00000520       0xb0 ./Build/Libraries/PY32F0xx_HAL_Driver/Src/py32f0xx_hal.o
 .debug_ranges  0x000005d0       0x58 ./Build/Libraries/PY32F0xx_HAL_Driver/Src/py32f0xx_hal_gpio.o
 .debug_ranges  0x00000628       0xc0 ./Build/Libraries/PY32F0xx_HAL_Driver/Src/py32f0xx_hal_cortex.o
 .debug_ranges  0x000006e8      0x100 ./Build/Libraries/PY32F0xx_HAL_Driver/Src/py32f0xx_hal_rcc.o
 .debug_ranges  0x000007e8      0x2b8 ./Build/Libraries/PY32F0xx_HAL_Driver/Src/py32f0xx_hal_uart.o
 .debug_ranges  0x00000aa0       0x20 ./Build/Libraries/CMSIS/Device/PY32F0xx/Source/gcc/startup_py32f002.o

.debug_line     0x00000000     0x47b0
 .debug_line    0x00000000      0x274 ./Build/Libraries/CMSIS/Device/PY32F0xx/Source/system_py32f0xx.o
 .debug_line    0x00000274      0xa45 ./Build/User/main.o
 .debug_line    0x00000cb9       0xe1 ./Build/User/py32f0xx_it.o
 .debug_line    0x00000d9a       0x4a ./Build/User/py32f0xx_hal_msp.o
 .debug_line    0x00000de4      0x553 ./Build/Libraries/BSP/Src/py32f0xx_bsp_printf.o
 .debug_line    0x00001337      0x57a ./Build/Libraries/PY32F0xx_HAL_Driver/Src/py32f0xx_hal.o
 .debug_line    0x000018b1      0x762 ./Build/Libraries/PY32F0xx_HAL_Driver/Src/py32f0xx_hal_gpio.o
 .debug_line    0x00002013      0x576 ./Build/Libraries/PY32F0xx_HAL_Driver/Src/py32f0xx_hal_cortex.o
 .debug_line    0x00002589      0xc64 ./Build/Libraries/PY32F0xx_HAL_Driver/Src/py32f0xx_hal_rcc.o
 .debug_line    0x000031ed     0x1524 ./Build/Libraries/PY32F0xx_HAL_Driver/Src/py32f0xx_hal_uart.o
 .debug_line    0x00004711       0x9f ./Build/Libraries/CMSIS/Device/PY32F0xx/Source/gcc/startup_py32f002.o

.debug_str      0x00000000     0x1741
 .debug_str     0x00000000      0x28e ./Build/Libraries/CMSIS/Device/PY32F0xx/Source/system_py32f0xx.o
                                0x2cb (size before relaxing)
 .debug_str     0x0000028e      0x277 ./Build/User/main.o
                                0x4a9 (size before relaxing)
 .debug_str     0x00000505       0x68 ./Build/User/py32f0xx_it.o
                                0x1c0 (size before relaxing)
 .debug_str     0x0000056d       0x24 ./Build/User/py32f0xx_hal_msp.o
                                0x17c (size before relaxing)
 .debug_str     0x00000591      0x515 ./Build/Libraries/BSP/Src/py32f0xx_bsp_printf.o
                                0x87b (size before relaxing)
 .debug_str     0x00000aa6      0x231 ./Build/Libraries/PY32F0xx_HAL_Driver/Src/py32f0xx_hal.o
                                0x5cc (size before relaxing)
 .debug_str     0x00000cd7      0x146 ./Build/Libraries/PY32F0xx_HAL_Driver/Src/py32f0xx_hal_gpio.o
                                0x3b9 (size before relaxing)
 .debug_str     0x00000e1d      0x21a ./Build/Libraries/PY32F0xx_HAL_Driver/Src/py32f0xx_hal_cortex.o
                                0x542 (size before relaxing)
 .debug_str     0x00001037      0x2ad ./Build/Libraries/PY32F0xx_HAL_Driver/Src/py32f0xx_hal_rcc.o
                                0x611 (size before relaxing)
 .debug_str     0x000012e4      0x403 ./Build/Libraries/PY32F0xx_HAL_Driver/Src/py32f0xx_hal_uart.o
                                0x8c0 (size before relaxing)
 .debug_str     0x000016e7       0x5a ./Build/Libraries/CMSIS/Device/PY32F0xx/Source/gcc/startup_py32f002.o
                                 0x99 (size before relaxing)

.comment        0x00000000       0x45
 .comment       0x00000000       0x45 ./Build/Libraries/CMSIS/Device/PY32F0xx/Source/system_py32f0xx.o
                                 0x46 (size before relaxing)
 .comment       0x00000045       0x46 ./Build/User/main.o
 .comment       0x00000045       0x46 ./Build/User/py32f0xx_it.o
 .comment       0x00000045       0x46 ./Build/User/py32f0xx_hal_msp.o
 .comment       0x00000045       0x46 ./Build/Libraries/BSP/Src/py32f0xx_bsp_printf.o
 .comment       0x00000045       0x46 ./Build/Libraries/PY32F0xx_HAL_Driver/Src/py32f0xx_hal.o
 .comment       0x00000045       0x46 ./Build/Libraries/PY32F0xx_HAL_Driver/Src/py32f0xx_hal_gpio.o
 .comment       0x00000045       0x46 ./Build/Libraries/PY32F0xx_HAL_Driver/Src/py32f0xx_hal_cortex.o
 .comment       0x00000045       0x46 ./Build/Libraries/PY32F0xx_HAL_Driver/Src/py32f0xx_hal_rcc.o
 .comment       0x00000045       0x46 ./Build/Libraries/PY32F0xx_HAL_Driver/Src/py32f0xx_hal_uart.o

.debug_line_str
                0x00000000       0xc9
 .debug_line_str
                0x00000000       0xc9 c:/program files (x86)/arm gnu toolchain arm-none-eabi/12.3 rel1/bin/../lib/gcc/arm-none-eabi/12.3.1/thumb/v6-m/nofp\libgcc.a(_udivsi3.o)
 .debug_line_str
                0x000000c9       0xc9 c:/program files (x86)/arm gnu toolchain arm-none-eabi/12.3 rel1/bin/../lib/gcc/arm-none-eabi/12.3.1/thumb/v6-m/nofp\libgcc.a(_dvmd_tls.o)
